// Jest Snapshot v1, https://goo.gl/fbAQLP

exports[`response with details about current user 1`] = `undefined`;
