// Jest Snapshot v1, https://goo.gl/fbAQLP

exports[`creates and saves a ticket 1`] = `
Object {
  "id": "5efb8a95b3b9995358d25e96",
  "price": 20,
  "title": "concert",
  "version": 0,
}
`;
